
[1m[46m RUN [49m[22m [36mv4.0.16 [39m[90m/home/mizu/Documents/Coding/AccidentalMahou[39m

 [32m✓[39m tests/twin.test.js [2m([22m[2m3 tests[22m[2m)[22m[32m 3[2mms[22m[39m

[2m Test Files [22m [1m[32m1 passed[39m[22m[90m (1)[39m
[2m      Tests [22m [1m[32m3 passed[39m[22m[90m (3)[39m
[2m   Start at [22m 19:51:14
[2m   Duration [22m 398ms[2m (transform 53ms, setup 0ms, import 69ms, tests 3ms, environment 252ms)[22m

